// Vitest Snapshot v1, https://vitest.dev/guide/snapshot.html

exports[`Skeletons > renders ProfileSkeleton correctly 1`] = `
<div
  class="w-full max-w-md mx-auto bg-white rounded-3xl shadow-xl p-8 space-y-6"
>
  <div
    class="relative w-40 h-40 mx-auto"
  >
    <div
      class="animate-pulse bg-muted w-full h-full rounded-full"
    />
  </div>
  <div
    class="text-center space-y-2"
  >
    <div
      class="animate-pulse rounded-md bg-muted h-8 w-48 mx-auto"
    />
    <div
      class="animate-pulse rounded-md bg-muted h-4 w-64 mx-auto"
    />
  </div>
  <div
    class="space-y-4 pt-4"
  >
    <div
      class="flex items-center gap-3"
    >
      <div
        class="animate-pulse bg-muted w-5 h-5 rounded"
      />
      <div
        class="animate-pulse rounded-md bg-muted h-4 w-32"
      />
    </div>
    <div
      class="flex items-center gap-3"
    >
      <div
        class="animate-pulse bg-muted w-5 h-5 rounded"
      />
      <div
        class="animate-pulse rounded-md bg-muted h-4 w-24"
      />
    </div>
    <div
      class="flex items-center gap-3"
    >
      <div
        class="animate-pulse bg-muted w-5 h-5 rounded"
      />
      <div
        class="animate-pulse rounded-md bg-muted h-4 w-40"
      />
    </div>
  </div>
</div>
`;

exports[`Skeletons > renders RepositoryCardSkeleton correctly 1`] = `
<div
  class="bg-card border border-border rounded-xl p-6 space-y-4"
>
  <div
    class="space-y-2"
  >
    <div
      class="animate-pulse rounded-md bg-muted h-6 w-3/4"
    />
    <div
      class="animate-pulse rounded-md bg-muted h-4 w-full"
    />
    <div
      class="animate-pulse rounded-md bg-muted h-4 w-2/3"
    />
  </div>
  <div
    class="flex items-center gap-4 pt-2"
  >
    <div
      class="flex items-center gap-2"
    >
      <div
        class="animate-pulse bg-muted w-4 h-4 rounded"
      />
      <div
        class="animate-pulse rounded-md bg-muted h-4 w-12"
      />
    </div>
    <div
      class="flex items-center gap-2"
    >
      <div
        class="animate-pulse bg-muted w-4 h-4 rounded"
      />
      <div
        class="animate-pulse rounded-md bg-muted h-4 w-12"
      />
    </div>
  </div>
  <div
    class="animate-pulse bg-muted h-6 w-20 rounded-full"
  />
</div>
`;

exports[`Skeletons > renders base skeleton correctly 1`] = `
<div
  class="animate-pulse rounded-md bg-muted h-4 w-4"
/>
`;
